
unsupported type
================

> tibble(x = 1, y = c(1, 2, 2), z = runif(3)) %>% summarise(a = env(a = 1))
Error: `summarise()` argument `..1` errored
x Unsupported type for result `a`
i Expression being evaluated : env(a = 1)

> tibble(x = 1, y = c(1, 2, 2), z = runif(3)) %>% group_by(x, y) %>% summarise(a = env(
+   a = 1))
Error: `summarise()` argument `..1` errored
x Unsupported type for result `a`
i Expression being evaluated : env(a = 1)
i The error occured in group 1

> tibble(x = 1, y = c(1, 2, 2), z = runif(3)) %>% summarise(a = NULL)
Error: `summarise()` argument `..1` errored
x Unsupported type for result `a`
i Expression being evaluated : NULL

> tibble(x = 1, y = c(1, 2, 2), z = runif(3)) %>% group_by(x, y) %>% summarise(a = NULL)
Error: `summarise()` argument `..1` errored
x Unsupported type for result `a`
i Expression being evaluated : NULL
i The error occured in group 1

> tibble(id = 1:2, a = list(1, "2")) %>% group_by(id) %>% summarise(a = a[[1]])
Error: No common type for `..1` <double> and `..2` <character>.

> tibble(id = 1:2, a = list(1, "2")) %>% rowwise() %>% summarise(a = a[[1]])
Error: No common type for `..1` <double> and `..2` <character>.


Missing variable
================

> summarise(mtcars, a = mean(not_there))
Error: `summarise()` argument `..1` errored
x object 'not_there' not found
i Expression being evaluated : mean(not_there)

> summarise(group_by(mtcars, cyl), a = mean(not_there))
Error: `summarise()` argument `..1` errored
x object 'not_there' not found
i Expression being evaluated : mean(not_there)
i The error occured in group 1

